// Jest Snapshot v1, https://goo.gl/fbAQLP

exports[`<EditBook /> should match snapshot test 1`] = `
<div
  className="adminAddBooks row"
>
  <div
    className=""
  >
     
    <Connect(withRouter(NavigationBar)) />
     
  </div>
  <div
    className="col m4 offset-m5"
  >
    <div
      className="card"
    >
      <form
        id="form"
        onSubmit={[Function]}
      >
        <div
          className="row"
        >
          <div
            className="input-field col s12"
          >
            <input
              className="validate"
              id="title"
              onChange={[Function]}
              type="text"
              value=""
            />
            <label
              className="active"
              htmlFor="title"
            >
              Title
            </label>
          </div>
        </div>
        <div
          className="row"
        >
          <div
            className="input-field col s12"
          >
            <input
              className="validate"
              id="author"
              onChange={[Function]}
              type="text"
              value=""
            />
            <label
              className="active"
              htmlFor="author"
            >
              Author
            </label>
          </div>
        </div>
        <div>
           Loading... 
        </div>
        <div
          className="row"
        >
          <div
            className="file-field input-field col s12"
          >
            <div
              className="btn file"
            >
              <span>
                <i
                  className="material-icons"
                >
                  file_upload
                </i>
              </span>
              <input
                id="image"
                onChange={[Function]}
                type="file"
              />
            </div>
            <div
              className="file-path-wrapper"
            >
              <input
                className="file-path validate"
                placeholder="Upload Image"
                type="text"
                value=""
              />
            </div>
          </div>
          <button
            className="modal-trigger previewBtn"
            disabled={true}
            href="#modal1"
          >
            Preview
          </button>
        </div>
        <div
          className="row"
        >
          <div
            className="input-field col s12"
          >
            <textarea
              className="materialize-textarea"
              id="review"
              onChange={[Function]}
              value=""
            />
            <label
              className="active"
              htmlFor="review"
            >
              Review
            </label>
          </div>
        </div>
        <button
          className="btn waves-effect waves-light"
          id="submitEdit"
          name="action"
          type="submit"
        >
          Update
          <i
            className="material-icons right"
          >
            send
          </i>
        </button>
      </form>
      <div
        className="modal"
        id="modal1"
      >
        <div
          className="modal-content"
        >
          <img
            src=""
          />
        </div>
        <div
          className="modal-footer"
        >
          <a
            className="modal-action modal-close"
          >
            <button
              className="close"
            >
              Close
            </button>
          </a>
        </div>
      </div>
    </div>
  </div>
  <div>
     
    <Component />
  </div>
</div>
`;
