// Jest Snapshot v1, https://goo.gl/fbAQLP

exports[`<Footer /> should match snapshot test 1`] = `
<footer
  className="page-footer teal"
>
  <div
    className=""
  >
    <div
      className="container"
    >
      Â© 2017 Copyright Text
    </div>
  </div>
</footer>
`;
