// Jest Snapshot v1, https://goo.gl/fbAQLP

exports[`<NotFound /> should match snapshot test 1`] = `
<div>
  <div
    className=""
  >
     
    <Component />
     
  </div>
  <div
    className="notFound"
  >
    <div
      className="container"
    >
      <div
        className="card"
      >
        <h1>
          404
        </h1>
        <img
          src={Object {}}
        />
        <h2>
          Page Not Found
        </h2>
      </div>
    </div>
    <div>
       
      <Component />
    </div>
  </div>
</div>
`;
